----------------------------------------------------------------------
Date: 2015-02-12   17:50:13
Module name: gajdaw-git
Module version: v0.1.6-4-gd9c5a36
Testsuite: gajdaw-git-*
----------------------------------------------------------------------
2015-02-12   17:50:13
Vagrantfile: gajdaw-git-ubuntu-14-04
Ubuntu
14.04
git version 2.3.0
----------------------------------------------------------------------
